// Jest Snapshot v1, https://goo.gl/fbAQLP

exports[`renders homepage unchanged 1`] = `
<div>
  <nav
    className="jsx-2055897931"
  >
    <ul
      className="jsx-2055897931"
    >
      <li
        className="jsx-2055897931"
      >
        <a
          className="jsx-2055897931"
          href="/"
          onClick={[Function]}
          onMouseEnter={[Function]}
        >
          Home
        </a>
      </li>
      <li
        className="jsx-2055897931"
      >
        <a
          className="jsx-2055897931"
          href="/newPage"
          onClick={[Function]}
          onMouseEnter={[Function]}
        >
          man
        </a>
      </li>
      <li
        className="jsx-2055897931"
      >
        <a
          className="jsx-2055897931"
          href="/newPage"
          onClick={[Function]}
          onMouseEnter={[Function]}
        >
          kvinna
        </a>
      </li>
      <li
        className="jsx-2055897931"
      >
        <a
          className="jsx-2055897931"
          href="/newPage"
          onClick={[Function]}
          onMouseEnter={[Function]}
        >
          h√•llbarhet
        </a>
      </li>
      <li
        className="jsx-2055897931"
      >
        <a
          className="jsx-2055897931"
          href="/newPage"
          onClick={[Function]}
          onMouseEnter={[Function]}
        >
          stories
        </a>
      </li>
    </ul>
  </nav>
  <h1>
    Hello world! - user agent: 
  </h1>
  <div
    className="MuiBottomNavigation-root bottom-nav"
  >
    <button
      className="MuiButtonBase-root MuiBottomNavigationAction-root Mui-selected"
      disabled={false}
      onBlur={[Function]}
      onClick={[Function]}
      onDragLeave={[Function]}
      onFocus={[Function]}
      onKeyDown={[Function]}
      onKeyUp={[Function]}
      onMouseDown={[Function]}
      onMouseLeave={[Function]}
      onMouseUp={[Function]}
      onTouchEnd={[Function]}
      onTouchMove={[Function]}
      onTouchStart={[Function]}
      tabIndex={0}
      type="button"
    >
      <span
        className="MuiBottomNavigationAction-wrapper"
      >
        <svg
          aria-hidden="true"
          className="MuiSvgIcon-root"
          focusable="false"
          role="presentation"
          viewBox="0 0 24 24"
        >
          <path
            d="M13 3c-4.97 0-9 4.03-9 9H1l3.89 3.89.07.14L9 12H6c0-3.87 3.13-7 7-7s7 3.13 7 7-3.13 7-7 7c-1.93 0-3.68-.79-4.94-2.06l-1.42 1.42C8.27 19.99 10.51 21 13 21c4.97 0 9-4.03 9-9s-4.03-9-9-9zm-1 5v5l4.28 2.54.72-1.21-3.5-2.08V8H12z"
          />
        </svg>
        <span
          className="MuiBottomNavigationAction-label Mui-selected"
        >
          Recents
        </span>
      </span>
      <span
        className="MuiTouchRipple-root"
      />
    </button>
    <button
      className="MuiButtonBase-root MuiBottomNavigationAction-root MuiBottomNavigationAction-iconOnly"
      disabled={false}
      onBlur={[Function]}
      onClick={[Function]}
      onDragLeave={[Function]}
      onFocus={[Function]}
      onKeyDown={[Function]}
      onKeyUp={[Function]}
      onMouseDown={[Function]}
      onMouseLeave={[Function]}
      onMouseUp={[Function]}
      onTouchEnd={[Function]}
      onTouchMove={[Function]}
      onTouchStart={[Function]}
      tabIndex={0}
      type="button"
    >
      <span
        className="MuiBottomNavigationAction-wrapper"
      >
        <svg
          aria-hidden="true"
          className="MuiSvgIcon-root"
          focusable="false"
          role="presentation"
          viewBox="0 0 24 24"
        >
          <path
            d="M12 21.35l-1.45-1.32C5.4 15.36 2 12.28 2 8.5 2 5.42 4.42 3 7.5 3c1.74 0 3.41.81 4.5 2.09C13.09 3.81 14.76 3 16.5 3 19.58 3 22 5.42 22 8.5c0 3.78-3.4 6.86-8.55 11.54L12 21.35z"
          />
        </svg>
        <span
          className="MuiBottomNavigationAction-label MuiBottomNavigationAction-iconOnly"
        >
          Favorites
        </span>
      </span>
      <span
        className="MuiTouchRipple-root"
      />
    </button>
    <button
      className="MuiButtonBase-root MuiBottomNavigationAction-root MuiBottomNavigationAction-iconOnly"
      disabled={false}
      onBlur={[Function]}
      onClick={[Function]}
      onDragLeave={[Function]}
      onFocus={[Function]}
      onKeyDown={[Function]}
      onKeyUp={[Function]}
      onMouseDown={[Function]}
      onMouseLeave={[Function]}
      onMouseUp={[Function]}
      onTouchEnd={[Function]}
      onTouchMove={[Function]}
      onTouchStart={[Function]}
      tabIndex={0}
      type="button"
    >
      <span
        className="MuiBottomNavigationAction-wrapper"
      >
        <svg
          aria-hidden="true"
          className="MuiSvgIcon-root"
          focusable="false"
          role="presentation"
          viewBox="0 0 24 24"
        >
          <path
            d="M12 2C8.13 2 5 5.13 5 9c0 5.25 7 13 7 13s7-7.75 7-13c0-3.87-3.13-7-7-7zm0 9.5c-1.38 0-2.5-1.12-2.5-2.5s1.12-2.5 2.5-2.5 2.5 1.12 2.5 2.5-1.12 2.5-2.5 2.5z"
          />
        </svg>
        <span
          className="MuiBottomNavigationAction-label MuiBottomNavigationAction-iconOnly"
        >
          Nearby
        </span>
      </span>
      <span
        className="MuiTouchRipple-root"
      />
    </button>
    <button
      className="MuiButtonBase-root MuiBottomNavigationAction-root MuiBottomNavigationAction-iconOnly"
      disabled={false}
      onBlur={[Function]}
      onClick={[Function]}
      onDragLeave={[Function]}
      onFocus={[Function]}
      onKeyDown={[Function]}
      onKeyUp={[Function]}
      onMouseDown={[Function]}
      onMouseLeave={[Function]}
      onMouseUp={[Function]}
      onTouchEnd={[Function]}
      onTouchMove={[Function]}
      onTouchStart={[Function]}
      tabIndex={0}
      type="button"
    >
      <span
        className="MuiBottomNavigationAction-wrapper"
      >
        <svg
          aria-hidden="true"
          className="MuiSvgIcon-root"
          focusable="false"
          role="presentation"
          viewBox="0 0 24 24"
        >
          <path
            d="M10 4H4c-1.1 0-1.99.9-1.99 2L2 18c0 1.1.9 2 2 2h16c1.1 0 2-.9 2-2V8c0-1.1-.9-2-2-2h-8l-2-2z"
          />
        </svg>
        <span
          className="MuiBottomNavigationAction-label MuiBottomNavigationAction-iconOnly"
        >
          Folder
        </span>
      </span>
      <span
        className="MuiTouchRipple-root"
      />
    </button>
  </div>
</div>
`;

exports[`renders newPage unchanged 1`] = `
<p>
  This is a page !
</p>
`;
